Status: 503
Response Body: {"detail":"Failed to communicate with LLM service: Server error '500 Internal Server Error' for url 'http://localhost:11434/api/chat'\nFor more information check: https://developer.mozilla.org/en-US/docs/Web/HTTP/Status/500"}
Parsed Data: {
  "detail": "Failed to communicate with LLM service: Server error '500 Internal Server Error' for url 'http://localhost:11434/api/chat'\nFor more information check: https://developer.mozilla.org/en-US/docs/Web/HTTP/Status/500"
}
